============================= test session starts ==============================
platform darwin -- Python 3.9.6, pytest-8.4.2, pluggy-1.6.0
rootdir: /Users/ym/Desktop/개발/bitcoin autotrading
plugins: anyio-4.12.1
collected 1 item

tests/test_entry_logic.py 
Signal Reasons: ['❌ [필수] 1시간봉: 가격 < EMA50', '✅ [필수] 15분봉(마감): RSI 60 > 40 + MACD 상승', '✅ [필수] 15분봉(마감) 거래량 > 14MA의 70%', '✅ [추가] 5분봉(마감) EMA 9 > EMA 21 (단기 정배열)', '✅ [추가] 15분봉(마감) OBV 상승 추세']
F

=================================== FAILURES ===================================
___________________ test_check_long_entry_uses_closed_candle ___________________

hybrid_setup_df =              timestamp     open     high  ...  macd_hist  volume_ma     obv
0  2024-01-01 00:00:00  50000.0  51000.0  ...     500.0  1000.0
99 2024-01-02 00:45:00  50000.0  51000.0  ...       -5.0      500.0  1000.0

[100 rows x 16 columns]
trend_1h_df =              timestamp    close    ema_9   ema_50
0  2024-01-01 00:00:00  52000.0  51000.0  50000.0
1  2024-01-01 01:0...024-01-05 02:00:00  52000.0  51000.0  50000.0
99 2024-01-05 03:00:00  52000.0  51000.0  50000.0

[100 rows x 4 columns]
timing_5m_df =              timestamp    close    ema_9   ema_21
0  2024-01-01 00:00:00  50000.0  50100.0  50000.0
1  2024-01-01 00:0...024-01-01 08:10:00  50000.0  50100.0  50000.0
99 2024-01-01 08:15:00  50000.0  49900.0  50000.0

[100 rows x 4 columns]

    def test_check_long_entry_uses_closed_candle(hybrid_setup_df, trend_1h_df, timing_5m_df):
        """
        check_long_entry가 iloc[-2](마감 캔들/직전 캔들)를 사용하는지 검증
        """
        # 15분봉 iloc[-2]는 조건 충족, iloc[-1]은 불충족
        # 5분봉 iloc[-2]는 조건 충족, iloc[-1]은 불충족
    
        signal = check_long_entry(hybrid_setup_df, trend_1h_df, timing_5m_df)
    
        print(f"\nSignal Reasons: {signal.reasons}")
    
        # iloc[-2]를 참조했다면 LONG 신호가 나와야 함
>       assert signal.signal_type == SignalType.LONG
E       AssertionError: assert <SignalType.N...: 'no_signal'> == <SignalType.LONG: 'long'>
E         
E         - long
E         + no_signal

tests/test_entry_logic.py:105: AssertionError
=============================== warnings summary ===============================
tests/test_entry_logic.py::test_check_long_entry_uses_closed_candle
  /Users/ym/Desktop/개발/bitcoin autotrading/tests/test_entry_logic.py:65: FutureWarning: 'H' is deprecated and will be removed in a future version, please use 'h' instead.
    'timestamp': pd.date_range('2024-01-01', periods=n, freq='1H'),

-- Docs: https://docs.pytest.org/en/stable/how-to/capture-warnings.html
=========================== short test summary info ============================
FAILED tests/test_entry_logic.py::test_check_long_entry_uses_closed_candle - ...
========================= 1 failed, 1 warning in 0.70s =========================
